src/components/FierceDashboard.tsx(1,1): error TS6133: 'React' is declared but its value is never read.
src/components/FierceDashboard.tsx(3,34): error TS6133: 'YAxis' is declared but its value is never read.
src/components/FierceDashboard.tsx(4,10): error TS6133: 'TrendingUp' is declared but its value is never read.
src/components/FierceDashboard.tsx(4,22): error TS6133: 'TrendingDown' is declared but its value is never read.
src/components/FierceDashboard.tsx(97,72): error TS6133: 'i' is declared but its value is never read.
src/components/FierceDashboard.tsx(137,37): error TS2322: Type '(value: number) => [string, string]' is not assignable to type 'Formatter<ValueType, NameType> & ((value: ValueType, name: NameType, item: TooltipPayloadEntry, index: number, payload: TooltipPayload) => ReactNode | [...])'.
  Type '(value: number) => [string, string]' is not assignable to type 'Formatter<ValueType, NameType>'.
    Types of parameters 'value' and 'value' are incompatible.
      Type 'ValueType | undefined' is not assignable to type 'number'.
        Type 'undefined' is not assignable to type 'number'.
src/components/FierceTransactionList.tsx(72,38): error TS18048: 't.category' is possibly 'undefined'.
